BL51 BANKED LINKER/LOCATER V6.22.2.0                                                    01/18/2024  19:08:11  PAGE 1


BL51 BANKED LINKER/LOCATER V6.22.2.0, INVOKED BY:
D:\APPS\KEIL5_V5\C51\BIN\BL51.EXE .\Objects\main.obj TO .\Objects\Bus_Test PRINT (.\Listings\Bus_Test.m51) RAMSIZE (256)
>> 


MEMORY MODEL: SMALL


INPUT MODULES INCLUDED:
  .\Objects\main.obj (MAIN)
  D:\APPS\KEIL5_V5\C51\LIB\C51S.LIB (?C_STARTUP)
  D:\APPS\KEIL5_V5\C51\LIB\C51S.LIB (?C?CLDPTR)
  D:\APPS\KEIL5_V5\C51\LIB\C51S.LIB (?C?SLDIV)
  D:\APPS\KEIL5_V5\C51\LIB\C51S.LIB (?C?SLSHR)
  D:\APPS\KEIL5_V5\C51\LIB\C51S.LIB (PRINTF)
  D:\APPS\KEIL5_V5\C51\LIB\C51S.LIB (VSPRINTF)
  D:\APPS\KEIL5_V5\C51\LIB\C51S.LIB (?C_INIT)
  D:\APPS\KEIL5_V5\C51\LIB\C51S.LIB (?C?CLDOPTR)
  D:\APPS\KEIL5_V5\C51\LIB\C51S.LIB (?C?CSTPTR)
  D:\APPS\KEIL5_V5\C51\LIB\C51S.LIB (?C?ULDIV)
  D:\APPS\KEIL5_V5\C51\LIB\C51S.LIB (?C?PLDIIDATA)
  D:\APPS\KEIL5_V5\C51\LIB\C51S.LIB (?C?CCASE)


LINK MAP OF MODULE:  .\Objects\Bus_Test (MAIN)


            TYPE    BASE      LENGTH    RELOCATION   SEGMENT NAME
            -----------------------------------------------------

            * * * * * * *   D A T A   M E M O R Y   * * * * * * *
            REG     0000H     0008H     ABSOLUTE     "REG BANK 0"
            DATA    0008H     0003H     UNIT         ?DT?_UART1_SENDSTRING?MAIN
                    000BH     0015H                  *** GAP ***
            BIT     0020H.0   0001H.1   UNIT         _BIT_GROUP_
            BIT     0021H.1   0000H.2   UNIT         ?BI?MAIN
                    0021H.3   0000H.5                *** GAP ***
            DATA    0022H     002FH     UNIT         _DATA_GROUP_
            DATA    0051H     001CH     UNIT         ?DT?MAIN
            IDATA   006DH     0001H     UNIT         ?STACK

            * * * * * * *  X D A T A   M E M O R Y  * * * * * * *
            XDATA   0000H     0014H     UNIT         _XDATA_GROUP_

            * * * * * * *   C O D E   M E M O R Y   * * * * * * *
            CODE    0000H     0003H     ABSOLUTE     
            CODE    0003H     0019H     UNIT         ?C_INITSEG
            CODE    001CH     0005H     UNIT         ?PR?_PUTCHAR?MAIN
                    0021H     0002H                  *** GAP ***
            CODE    0023H     0003H     ABSOLUTE     
            CODE    0026H     0017H     UNIT         ?PR?_DELAY_MS?MAIN
                    003DH     0006H                  *** GAP ***
            CODE    0043H     0003H     ABSOLUTE     
            CODE    0046H     05C3H     UNIT         ?CO?MAIN
            CODE    0609H     056DH     UNIT         ?PR?DEBUG_TASK?MAIN
            CODE    0B76H     04CCH     UNIT         ?PR?CHECK_TASK?MAIN
            CODE    1042H     035CH     UNIT         ?PR?PRINTF?PRINTF
            CODE    139EH     0170H     UNIT         ?C?LIB_CODE
BL51 BANKED LINKER/LOCATER V6.22.2.0                                                  01/18/2024  19:08:11  PAGE 2


            CODE    150EH     00F0H     UNIT         ?PR?MAIN?MAIN
            CODE    15FEH     00C2H     UNIT         ?PR?PRINTF_INIT?MAIN
            CODE    16C0H     00AFH     UNIT         ?PR?ERR_PRINTF?MAIN
            CODE    176FH     008CH     UNIT         ?C_C51STARTUP
            CODE    17FBH     0063H     UNIT         ?PR?PRINTF_TASK?MAIN
            CODE    185EH     0059H     UNIT         ?PR?_INIT_UART1?MAIN
            CODE    18B7H     0055H     UNIT         ?PR?_INIT_UART2?MAIN
            CODE    190CH     0044H     UNIT         ?C?LDIV
            CODE    1950H     003AH     UNIT         ?PR?_REPORT_PRINTF?MAIN
            CODE    198AH     002EH     UNIT         ?PR?IO_CONFIG?MAIN
            CODE    19B8H     002EH     UNIT         ?PR?_VSPRINTF?VSPRINTF
            CODE    19E6H     0025H     UNIT         ?PR?_UART1_SENDSTRING?MAIN
            CODE    1A0BH     0025H     UNIT         ?PR?_UART2_SENDSTRING?MAIN
            CODE    1A30H     0017H     UNIT         ?PR?UART2_ROUTINE?MAIN
            CODE    1A47H     0014H     UNIT         ?PR?INIT_TASK?MAIN
            CODE    1A5BH     0013H     UNIT         ?PR?UART1_ROUTINE?MAIN
            CODE    1A6EH     000FH     UNIT         ?PR?_DELAY_US?MAIN
            CODE    1A7DH     0009H     UNIT         ?PR?_UART1_SENDDATA?MAIN
            CODE    1A86H     0009H     UNIT         ?PR?_UART2_SENDDATA?MAIN



OVERLAY MAP OF MODULE:   .\Objects\Bus_Test (MAIN)


SEGMENT                               BIT_GROUP          DATA_GROUP          XDATA_GROUP
  +--> CALLED SEGMENT              START    LENGTH     START    LENGTH     START    LENGTH
------------------------------------------------------------------------------------------
?C_C51STARTUP                      -----    -----      -----    -----      -----    -----
  +--> ?PR?MAIN?MAIN
  +--> ?C_INITSEG

?PR?MAIN?MAIN                      -----    -----      -----    -----      -----    -----
  +--> ?PR?INIT_TASK?MAIN
  +--> ?PR?CHECK_TASK?MAIN
  +--> ?PR?DEBUG_TASK?MAIN
  +--> ?CO?MAIN
  +--> ?PR?PRINTF?PRINTF
  +--> ?PR?PRINTF_INIT?MAIN
  +--> ?PR?PRINTF_TASK?MAIN
  +--> ?PR?_DELAY_MS?MAIN

?PR?INIT_TASK?MAIN                 -----    -----      -----    -----      -----    -----
  +--> ?PR?IO_CONFIG?MAIN
  +--> ?PR?_INIT_UART2?MAIN
  +--> ?PR?_INIT_UART1?MAIN
  +--> ?PR?PRINTF_INIT?MAIN

?PR?_INIT_UART2?MAIN               -----    -----      0022H    0002H      -----    -----

?PR?_INIT_UART1?MAIN               -----    -----      0022H    0002H      -----    -----

?PR?PRINTF_INIT?MAIN               -----    -----      0022H    0001H      -----    -----
  +--> ?CO?MAIN
  +--> ?PR?PRINTF?PRINTF
  +--> ?PR?_DELAY_US?MAIN

BL51 BANKED LINKER/LOCATER V6.22.2.0                                                  01/18/2024  19:08:11  PAGE 3


?PR?PRINTF?PRINTF                  0020H.0  0001H.1    003DH    0014H      -----    -----
  +--> ?PR?_PUTCHAR?MAIN

?PR?_PUTCHAR?MAIN                  -----    -----      -----    -----      -----    -----
  +--> ?PR?_UART1_SENDDATA?MAIN

?PR?DEBUG_TASK?MAIN                -----    -----      -----    -----      -----    -----
  +--> ?CO?MAIN
  +--> ?PR?PRINTF?PRINTF

?PR?PRINTF_TASK?MAIN               -----    -----      -----    -----      -----    -----
  +--> ?CO?MAIN
  +--> ?PR?PRINTF?PRINTF
  +--> ?PR?_REPORT_PRINTF?MAIN
  +--> ?PR?ERR_PRINTF?MAIN

?PR?_REPORT_PRINTF?MAIN            -----    -----      0022H    0015H      0000H    0014H
  +--> ?PR?_VSPRINTF?VSPRINTF
  +--> ?PR?_UART2_SENDSTRING?MAIN

?PR?_VSPRINTF?VSPRINTF             -----    -----      0037H    0006H      -----    -----
  +--> ?PR?PRINTF?PRINTF

?PR?_UART2_SENDSTRING?MAIN         -----    -----      0037H    0003H      -----    -----
  +--> ?PR?_UART2_SENDDATA?MAIN

?PR?ERR_PRINTF?MAIN                -----    -----      -----    -----      -----    -----
  +--> ?CO?MAIN
  +--> ?PR?PRINTF?PRINTF



SYMBOL TABLE OF MODULE:  .\Objects\Bus_Test (MAIN)

  VALUE           TYPE          NAME
  ----------------------------------

  -------         MODULE        MAIN
  C:0000H         SYMBOL        _ICE_DUMMY_
  D:0092H         PUBLIC        P1M0
  D:0093H         PUBLIC        P0M1
  D:0096H         PUBLIC        P2M0
  D:0091H         PUBLIC        P1M1
  D:0080H         PUBLIC        P0
  D:00B2H         PUBLIC        P3M0
  D:0095H         PUBLIC        P2M1
  D:0090H         PUBLIC        P1
  D:00B4H         PUBLIC        P4M0
  D:00B1H         PUBLIC        P3M1
  D:00A0H         PUBLIC        P2
  D:00CAH         PUBLIC        P5M0
  D:00B3H         PUBLIC        P4M1
  D:00B0H         PUBLIC        P3
  D:00CCH         PUBLIC        P6M0
  D:00C9H         PUBLIC        P5M1
  D:00C0H         PUBLIC        P4
  D:00E2H         PUBLIC        P7M0
BL51 BANKED LINKER/LOCATER V6.22.2.0                                                  01/18/2024  19:08:11  PAGE 4


  D:00CBH         PUBLIC        P6M1
  D:00C8H         PUBLIC        P5
  B:00A8H.7       PUBLIC        EA
  D:00E1H         PUBLIC        P7M1
  D:00E8H         PUBLIC        P6
  D:00F8H         PUBLIC        P7
  C:1A47H         PUBLIC        Init_Task
  D:00A2H         PUBLIC        P_SW1
  D:00BAH         PUBLIC        P_SW2
  D:00A8H         PUBLIC        IE
  C:1950H         PUBLIC        _report_printf
  B:00A8H.4       PUBLIC        ES
  D:00B8H         PUBLIC        IP
  B:0098H.0       PUBLIC        RI
  B:0098H.1       PUBLIC        TI
  C:16C0H         PUBLIC        Err_printf
  D:00D8H         PUBLIC        CCON
  C:150EH         PUBLIC        main
  D:0051H         PUBLIC        line
  D:0099H         PUBLIC        SBUF
  D:0098H         PUBLIC        SCON
  D:0053H         PUBLIC        cmd
  D:0089H         PUBLIC        TMOD
  D:0088H         PUBLIC        TCON
  C:1A5BH         PUBLIC        UART1_Routine
  C:1A30H         PUBLIC        UART2_Routine
  D:00AFH         PUBLIC        IE2
  D:0054H         PUBLIC        line_last
  D:008EH         PUBLIC        AUXR
  B:0021H.1       SYMBOL        tx1_busy
  B:0021H.2       SYMBOL        tx2_busy
  B:00B0H.5       PUBLIC        SA1
  B:00C0H.2       PUBLIC        SB1
  B:00B0H.6       PUBLIC        SA2
  B:00A0H.4       PUBLIC        SC1
  B:00C0H.3       PUBLIC        SB2
  B:00B0H.7       PUBLIC        SA3
  D:00E0H         PUBLIC        ACC
  B:00C0H.5       PUBLIC        SD1
  B:00A0H.5       PUBLIC        SC2
  B:00C0H.4       PUBLIC        SB3
  B:00C0H.1       PUBLIC        SA4
  B:0080H.2       PUBLIC        SE1
  B:00C0H.6       PUBLIC        SD2
  B:00A0H.6       PUBLIC        SC3
  B:00A0H.0       PUBLIC        SB4
  D:0056H         SYMBOL        err
  B:0080H.3       PUBLIC        SE2
  B:0080H.0       PUBLIC        SD3
  B:00A0H.7       PUBLIC        SC4
  D:0057H         PUBLIC        bus
  B:0080H.4       PUBLIC        SE3
  B:0080H.1       PUBLIC        SD4
  D:005FH         PUBLIC        cmd_last
  D:008DH         PUBLIC        TH1
  D:00D6H         PUBLIC        T2H
  B:00D0H.0       PUBLIC        P
BL51 BANKED LINKER/LOCATER V6.22.2.0                                                  01/18/2024  19:08:11  PAGE 5


  D:008BH         PUBLIC        TL1
  C:198AH         PUBLIC        IO_Config
  D:00D7H         PUBLIC        T2L
  C:0026H         PUBLIC        _delay_ms
  D:0060H         PUBLIC        pos
  C:0B76H         PUBLIC        Check_Task
  C:19E6H         PUBLIC        _UART1_SendString
  B:0088H.6       PUBLIC        TR1
  C:1A0BH         PUBLIC        _UART2_SendString
  C:1A7DH         PUBLIC        _UART1_SendData
  C:1A86H         PUBLIC        _UART2_SendData
  C:1A6EH         PUBLIC        _delay_us
  C:0609H         PUBLIC        Debug_Task
  D:006CH         SYMBOL        err_last
  D:009BH         PUBLIC        S2BUF
  C:185EH         PUBLIC        _Init_uart1
  D:009AH         PUBLIC        S2CON
  C:18B7H         PUBLIC        _Init_uart2
  C:17FBH         PUBLIC        Printf_Task
  C:15FEH         PUBLIC        Printf_Init
  B:00C8H.4       PUBLIC        A0
  B:00B0H.2       PUBLIC        B0
  B:0090H.7       PUBLIC        A1
  B:00A0H.2       PUBLIC        C0
  B:00C0H.0       PUBLIC        B1
  B:00B0H.4       PUBLIC        A2
  B:0080H.6       PUBLIC        D0
  B:00A0H.1       PUBLIC        C1
  B:00B0H.3       PUBLIC        B2
  B:0090H.2       PUBLIC        E0
  B:0080H.5       PUBLIC        D1
  B:00A0H.3       PUBLIC        C2
  B:00C0H.7       PUBLIC        E1
  B:0080H.7       PUBLIC        D2
  B:0090H.3       PUBLIC        E2
  D:00D0H         PUBLIC        PSW
  C:001CH         PUBLIC        _putchar
  D:0094H         PUBLIC        P0M0
  -------         PROC          _DELAY_US
  D:0006H         SYMBOL        t
  C:1A6EH         LINE#         100
  C:1A6EH         LINE#         101
  C:1A6EH         LINE#         102
  C:1A72H         LINE#         103
  C:1A72H         LINE#         104
  C:1A73H         LINE#         105
  C:1A74H         LINE#         106
  C:1A75H         LINE#         107
  C:1A7AH         LINE#         108
  C:1A7CH         LINE#         109
  -------         ENDPROC       _DELAY_US
  -------         PROC          _DELAY_MS
  D:0006H         SYMBOL        t
  -------         DO            
  D:0005H         SYMBOL        i
  D:0004H         SYMBOL        j
  -------         ENDDO         
BL51 BANKED LINKER/LOCATER V6.22.2.0                                                  01/18/2024  19:08:11  PAGE 6


  C:0026H         LINE#         111
  C:0026H         LINE#         112
  C:0026H         LINE#         114
  C:002AH         LINE#         115
  C:002AH         LINE#         116
  C:002BH         LINE#         117
  C:002CH         LINE#         118
  C:002DH         LINE#         119
  C:002FH         LINE#         120
  C:0031H         LINE#         122
  C:0031H         LINE#         123
  C:0033H         LINE#         124
  C:0035H         LINE#         125
  C:003AH         LINE#         126
  C:003CH         LINE#         127
  -------         ENDPROC       _DELAY_MS
  -------         PROC          _INIT_UART1
  D:0022H         SYMBOL        baud
  C:185EH         LINE#         130
  C:1862H         LINE#         133
  C:1862H         LINE#         134
  C:1864H         LINE#         135
  C:1866H         LINE#         136
  C:1868H         LINE#         137
  C:1868H         LINE#         155
  C:186BH         LINE#         162
  C:186EH         LINE#         163
  C:186EH         LINE#         164
  C:1887H         LINE#         165
  C:18B0H         LINE#         166
  C:18B2H         LINE#         167
  C:18B4H         LINE#         168
  C:18B6H         LINE#         169
  -------         ENDPROC       _INIT_UART1
  -------         PROC          _INIT_UART2
  D:0022H         SYMBOL        baud
  C:18B7H         LINE#         172
  C:18BBH         LINE#         175
  C:18BEH         LINE#         180
  C:18C1H         LINE#         186
  C:18DAH         LINE#         187
  C:1903H         LINE#         188
  C:1906H         LINE#         189
  C:1909H         LINE#         190
  C:190BH         LINE#         191
  -------         ENDPROC       _INIT_UART2
  -------         PROC          _UART1_SENDDATA
  D:0007H         SYMBOL        dat
  C:1A7DH         LINE#         194
  C:1A7DH         LINE#         195
  C:1A7DH         LINE#         196
  C:1A80H         LINE#         197
  C:1A81H         LINE#         198
  C:1A81H         LINE#         199
  C:1A81H         LINE#         205
  C:1A81H         LINE#         207
  C:1A81H         LINE#         213
BL51 BANKED LINKER/LOCATER V6.22.2.0                                                  01/18/2024  19:08:11  PAGE 7


  C:1A81H         LINE#         214
  C:1A83H         LINE#         215
  C:1A85H         LINE#         216
  -------         ENDPROC       _UART1_SENDDATA
  -------         PROC          _UART1_SENDSTRING
  D:0008H         SYMBOL        s
  C:19E6H         LINE#         218
  C:19ECH         LINE#         219
  C:19F7H         LINE#         220
  C:19F7H         LINE#         221
  C:1A08H         LINE#         222
  C:1A0AH         LINE#         223
  -------         ENDPROC       _UART1_SENDSTRING
  -------         PROC          _UART2_SENDDATA
  D:0007H         SYMBOL        dat
  C:1A86H         LINE#         226
  C:1A86H         LINE#         227
  C:1A89H         LINE#         228
  C:1A8AH         LINE#         229
  C:1A8AH         LINE#         230
  C:1A8AH         LINE#         236
  C:1A8AH         LINE#         238
  C:1A8AH         LINE#         244
  C:1A8AH         LINE#         245
  C:1A8CH         LINE#         246
  C:1A8EH         LINE#         247
  -------         ENDPROC       _UART2_SENDDATA
  -------         PROC          _UART2_SENDSTRING
  D:0037H         SYMBOL        s
  C:1A0BH         LINE#         250
  C:1A11H         LINE#         251
  C:1A1CH         LINE#         252
  C:1A1CH         LINE#         253
  C:1A2DH         LINE#         254
  C:1A2FH         LINE#         255
  -------         ENDPROC       _UART2_SENDSTRING
  -------         PROC          _PUTCHAR
  D:0006H         SYMBOL        ch
  C:001CH         LINE#         259
  C:001EH         LINE#         260
  -------         ENDPROC       _PUTCHAR
  -------         PROC          _REPORT_PRINTF
  D:0022H         SYMBOL        fmt
  -------         DO            
  D:0025H         SYMBOL        ellipsis_15
  D:0034H         SYMBOL        ap
  X:0000H         SYMBOL        string
  -------         ENDDO         
  C:1950H         LINE#         265
  C:1956H         LINE#         266
  C:1956H         LINE#         269
  C:195FH         LINE#         270
  C:1977H         LINE#         271
  C:1980H         LINE#         272
  C:1989H         LINE#         273
  -------         ENDPROC       _REPORT_PRINTF
  -------         PROC          UART1_ROUTINE
BL51 BANKED LINKER/LOCATER V6.22.2.0                                                  01/18/2024  19:08:11  PAGE 8


  C:1A5BH         LINE#         275
  C:1A5BH         LINE#         277
  C:1A5EH         LINE#         278
  C:1A5EH         LINE#         279
  C:1A60H         LINE#         280
  C:1A63H         LINE#         281
  C:1A66H         LINE#         282
  C:1A66H         LINE#         283
  C:1A69H         LINE#         284
  C:1A69H         LINE#         285
  C:1A6BH         LINE#         286
  C:1A6DH         LINE#         287
  C:1A6DH         LINE#         288
  -------         ENDPROC       UART1_ROUTINE
  -------         PROC          UART2_ROUTINE
  C:1A30H         LINE#         291
  C:1A32H         LINE#         293
  C:1A37H         LINE#         294
  C:1A37H         LINE#         295
  C:1A3AH         LINE#         298
  C:1A3AH         LINE#         299
  C:1A3FH         LINE#         300
  C:1A3FH         LINE#         301
  C:1A42H         LINE#         302
  C:1A44H         LINE#         303
  C:1A44H         LINE#         304
  -------         ENDPROC       UART2_ROUTINE
  -------         PROC          CHECK_TASK
  -------         DO            
  D:0005H         SYMBOL        i
  -------         ENDDO         
  C:0B76H         LINE#         309
  C:0B76H         LINE#         311
  C:0B7CH         LINE#         312
  C:0B8BH         LINE#         313
  C:0B8BH         LINE#         314
  C:0BB4H         LINE#         316
  C:0BB8H         LINE#         317
  C:0BDBH         LINE#         319
  C:0BEEH         LINE#         320
  C:0BFBH         LINE#         321
  C:0C03H         LINE#         322
  C:0C0CH         LINE#         323
  C:0C0CH         LINE#         324
  C:0C0FH         LINE#         325
  C:0C1BH         LINE#         326
  C:0C1EH         LINE#         327
  C:0C1EH         LINE#         328
  C:0C39H         LINE#         329
  C:0C5EH         LINE#         330
  C:0C6BH         LINE#         331
  C:0C6EH         LINE#         332
  C:0C6EH         LINE#         334
  C:0C7DH         LINE#         335
  C:0C7DH         LINE#         336
  C:0CA6H         LINE#         338
  C:0CABH         LINE#         339
BL51 BANKED LINKER/LOCATER V6.22.2.0                                                  01/18/2024  19:08:11  PAGE 9


  C:0CCEH         LINE#         340
  C:0CE1H         LINE#         341
  C:0CEEH         LINE#         342
  C:0CF6H         LINE#         343
  C:0CFFH         LINE#         344
  C:0CFFH         LINE#         345
  C:0D02H         LINE#         346
  C:0D0EH         LINE#         347
  C:0D11H         LINE#         348
  C:0D11H         LINE#         349
  C:0D2CH         LINE#         350
  C:0D51H         LINE#         351
  C:0D5EH         LINE#         352
  C:0D61H         LINE#         353
  C:0D61H         LINE#         355
  C:0D70H         LINE#         356
  C:0D70H         LINE#         357
  C:0D99H         LINE#         359
  C:0D9EH         LINE#         360
  C:0DC1H         LINE#         361
  C:0DD4H         LINE#         362
  C:0DE1H         LINE#         363
  C:0DE9H         LINE#         364
  C:0DF2H         LINE#         365
  C:0DF2H         LINE#         366
  C:0DF5H         LINE#         367
  C:0E01H         LINE#         368
  C:0E04H         LINE#         369
  C:0E04H         LINE#         370
  C:0E1FH         LINE#         371
  C:0E44H         LINE#         372
  C:0E51H         LINE#         373
  C:0E54H         LINE#         374
  C:0E54H         LINE#         376
  C:0E63H         LINE#         377
  C:0E63H         LINE#         378
  C:0E8CH         LINE#         380
  C:0E91H         LINE#         381
  C:0EB4H         LINE#         382
  C:0EC7H         LINE#         383
  C:0ED4H         LINE#         384
  C:0EDCH         LINE#         385
  C:0EE5H         LINE#         386
  C:0EE5H         LINE#         387
  C:0EE8H         LINE#         388
  C:0EF4H         LINE#         389
  C:0EF7H         LINE#         390
  C:0EF7H         LINE#         391
  C:0F12H         LINE#         392
  C:0F37H         LINE#         393
  C:0F44H         LINE#         394
  C:0F47H         LINE#         395
  C:0F47H         LINE#         397
  C:0F53H         LINE#         398
  C:0F53H         LINE#         399
  C:0F7CH         LINE#         401
  C:0F81H         LINE#         402
BL51 BANKED LINKER/LOCATER V6.22.2.0                                                  01/18/2024  19:08:11  PAGE 10


  C:0F9BH         LINE#         403
  C:0FAEH         LINE#         404
  C:0FBBH         LINE#         405
  C:0FC3H         LINE#         406
  C:0FCCH         LINE#         407
  C:0FCCH         LINE#         408
  C:0FCFH         LINE#         409
  C:0FDBH         LINE#         410
  C:0FDEH         LINE#         411
  C:0FDEH         LINE#         412
  C:0FF9H         LINE#         413
  C:101EH         LINE#         414
  C:103CH         LINE#         415
  C:103FH         LINE#         416
  C:103FH         LINE#         417
  C:1041H         LINE#         418
  -------         ENDPROC       CHECK_TASK
  -------         PROC          DEBUG_TASK
  -------         DO            
  D:0007H         SYMBOL        i
  -------         ENDDO         
  C:0609H         LINE#         420
  C:0609H         LINE#         422
  C:0612H         LINE#         424
  C:063BH         LINE#         426
  C:0644H         LINE#         427
  C:0668H         LINE#         428
  C:067BH         LINE#         429
  C:0688H         LINE#         430
  C:0690H         LINE#         431
  C:0699H         LINE#         432
  C:0699H         LINE#         433
  C:069CH         LINE#         434
  C:06C9H         LINE#         435
  C:06E4H         LINE#         436
  C:0709H         LINE#         437
  C:0729H         LINE#         439
  C:0752H         LINE#         441
  C:075BH         LINE#         442
  C:077FH         LINE#         443
  C:0792H         LINE#         444
  C:079FH         LINE#         445
  C:07A7H         LINE#         446
  C:07B0H         LINE#         447
  C:07B0H         LINE#         448
  C:07B3H         LINE#         449
  C:07E0H         LINE#         450
  C:07FBH         LINE#         451
  C:0820H         LINE#         452
  C:0840H         LINE#         454
  C:0869H         LINE#         456
  C:0872H         LINE#         457
  C:0896H         LINE#         458
  C:08A9H         LINE#         459
  C:08B6H         LINE#         460
  C:08BEH         LINE#         461
  C:08C7H         LINE#         462
BL51 BANKED LINKER/LOCATER V6.22.2.0                                                  01/18/2024  19:08:11  PAGE 11


  C:08C7H         LINE#         463
  C:08CAH         LINE#         464
  C:08F7H         LINE#         465
  C:0912H         LINE#         466
  C:0937H         LINE#         467
  C:0957H         LINE#         469
  C:0980H         LINE#         471
  C:0989H         LINE#         472
  C:09ADH         LINE#         473
  C:09C0H         LINE#         474
  C:09CDH         LINE#         475
  C:09D5H         LINE#         476
  C:09DEH         LINE#         477
  C:09DEH         LINE#         478
  C:09E1H         LINE#         479
  C:0A0EH         LINE#         480
  C:0A29H         LINE#         481
  C:0A4EH         LINE#         482
  C:0A6EH         LINE#         484
  C:0A97H         LINE#         486
  C:0AA0H         LINE#         487
  C:0ABBH         LINE#         488
  C:0ACEH         LINE#         489
  C:0ADBH         LINE#         490
  C:0AE3H         LINE#         491
  C:0AECH         LINE#         492
  C:0AECH         LINE#         493
  C:0AEFH         LINE#         494
  C:0B16H         LINE#         495
  C:0B31H         LINE#         496
  C:0B56H         LINE#         497
  -------         ENDPROC       DEBUG_TASK
  -------         PROC          PRINTF_INIT
  -------         DO            
  D:0022H         SYMBOL        i
  -------         ENDDO         
  C:15FEH         LINE#         503
  C:15FEH         LINE#         505
  C:1607H         LINE#         506
  C:1610H         LINE#         507
  C:1625H         LINE#         508
  C:1625H         LINE#         509
  C:162EH         LINE#         510
  C:1635H         LINE#         511
  C:1639H         LINE#         512
  C:1642H         LINE#         513
  C:164BH         LINE#         514
  C:1654H         LINE#         515
  C:165DH         LINE#         516
  C:1666H         LINE#         517
  C:166FH         LINE#         518
  C:1678H         LINE#         519
  C:1681H         LINE#         520
  C:168AH         LINE#         521
  C:169FH         LINE#         522
  C:16AEH         LINE#         523
  C:16B7H         LINE#         524
BL51 BANKED LINKER/LOCATER V6.22.2.0                                                  01/18/2024  19:08:11  PAGE 12


  -------         ENDPROC       PRINTF_INIT
  -------         PROC          ERR_PRINTF
  C:16C0H         LINE#         529
  C:16C0H         LINE#         530
  C:16D6H         LINE#         531
  C:16D6H         LINE#         532
  C:16D6H         LINE#         533
  C:16D6H         LINE#         534
  C:16DFH         LINE#         535
  C:16E5H         LINE#         537
  C:16E7H         LINE#         538
  C:16E7H         LINE#         539
  C:16E7H         LINE#         540
  C:16F0H         LINE#         541
  C:16F6H         LINE#         542
  C:16F8H         LINE#         543
  C:16F8H         LINE#         544
  C:16F8H         LINE#         545
  C:1701H         LINE#         546
  C:1707H         LINE#         547
  C:1709H         LINE#         548
  C:1709H         LINE#         549
  C:1709H         LINE#         550
  C:1712H         LINE#         551
  C:173CH         LINE#         552
  C:173EH         LINE#         553
  C:173EH         LINE#         554
  C:173EH         LINE#         555
  C:1747H         LINE#         556
  C:176EH         LINE#         557
  C:176EH         LINE#         558
  C:176EH         LINE#         559
  C:176EH         LINE#         560
  C:176EH         LINE#         561
  -------         ENDPROC       ERR_PRINTF
  -------         PROC          IO_CONFIG
  C:198AH         LINE#         563
  C:198AH         LINE#         564
  C:198AH         LINE#         565
  C:198DH         LINE#         566
  C:1990H         LINE#         567
  C:1993H         LINE#         568
  C:1996H         LINE#         569
  C:1999H         LINE#         570
  C:199CH         LINE#         571
  C:199FH         LINE#         572
  C:19A2H         LINE#         573
  C:19A5H         LINE#         574
  C:19A8H         LINE#         575
  C:19ABH         LINE#         576
  C:19AEH         LINE#         577
  C:19B1H         LINE#         578
  C:19B3H         LINE#         579
  C:19B5H         LINE#         580
  C:19B7H         LINE#         581
  -------         ENDPROC       IO_CONFIG
  -------         PROC          INIT_TASK
BL51 BANKED LINKER/LOCATER V6.22.2.0                                                  01/18/2024  19:08:11  PAGE 13


  C:1A47H         LINE#         586
  C:1A47H         LINE#         587
  C:1A4AH         LINE#         588
  C:1A51H         LINE#         589
  C:1A58H         LINE#         590
  -------         ENDPROC       INIT_TASK
  -------         PROC          PRINTF_TASK
  C:17FBH         LINE#         596
  C:17FBH         LINE#         597
  C:17FFH         LINE#         598
  C:1809H         LINE#         599
  C:1809H         LINE#         600
  C:1812H         LINE#         601
  C:1818H         LINE#         602
  C:181AH         LINE#         603
  C:181AH         LINE#         604
  C:182EH         LINE#         605
  C:1842H         LINE#         606
  C:1848H         LINE#         607
  C:1848H         LINE#         608
  C:1849H         LINE#         609
  C:1849H         LINE#         610
  C:184CH         LINE#         611
  C:184FH         LINE#         612
  C:185DH         LINE#         613
  C:185DH         LINE#         614
  -------         ENDPROC       PRINTF_TASK
  -------         PROC          MAIN
  C:150EH         LINE#         616
  C:150EH         LINE#         617
  C:150EH         LINE#         618
  C:1511H         LINE#         619
  C:1511H         LINE#         620
  C:1511H         LINE#         621
  C:1518H         LINE#         622
  C:1518H         LINE#         623
  C:1535H         LINE#         624
  C:1535H         LINE#         625
  C:1535H         LINE#         626
  C:1535H         LINE#         627
  C:1538H         LINE#         628
  C:1538H         LINE#         629
  C:1538H         LINE#         630
  C:1538H         LINE#         631
  C:1538H         LINE#         632
  C:153AH         LINE#         633
  C:153AH         LINE#         634
  C:153AH         LINE#         635
  C:153DH         LINE#         636
  C:1542H         LINE#         637
  C:1542H         LINE#         638
  C:1542H         LINE#         639
  C:1545H         LINE#         640
  C:1545H         LINE#         641
  C:1545H         LINE#         642
  C:1548H         LINE#         643
  C:1548H         LINE#         644
BL51 BANKED LINKER/LOCATER V6.22.2.0                                                  01/18/2024  19:08:11  PAGE 14


  C:1548H         LINE#         645
  C:154BH         LINE#         646
  C:154BH         LINE#         647
  C:154BH         LINE#         648
  C:1554H         LINE#         649
  C:155DH         LINE#         650
  C:1566H         LINE#         651
  C:156FH         LINE#         652
  C:1578H         LINE#         653
  C:1581H         LINE#         654
  C:158AH         LINE#         655
  C:1593H         LINE#         656
  C:159CH         LINE#         657
  C:15A5H         LINE#         658
  C:15A5H         LINE#         659
  C:15A5H         LINE#         660
  C:15A7H         LINE#         661
  C:15A7H         LINE#         662
  C:15A7H         LINE#         663
  C:15CCH         LINE#         665
  C:15D0H         LINE#         666
  C:15D3H         LINE#         667
  C:15D6H         LINE#         668
  C:15D6H         LINE#         669
  C:15D8H         LINE#         670
  C:15D8H         LINE#         671
  C:15D8H         LINE#         672
  C:15DBH         LINE#         673
  C:15E0H         LINE#         675
  C:15F1H         LINE#         676
  C:15F1H         LINE#         677
  C:15F4H         LINE#         678
  C:15F4H         LINE#         679
  C:15F4H         LINE#         680
  C:15F4H         LINE#         681
  C:15F4H         LINE#         682
  C:15F4H         LINE#         683
  C:15F4H         LINE#         684
  C:15F4H         LINE#         685
  C:15FBH         LINE#         686
  -------         ENDPROC       MAIN
  -------         ENDMOD        MAIN

  -------         MODULE        ?C?CLDPTR
  C:139EH         PUBLIC        ?C?CLDPTR
  -------         ENDMOD        ?C?CLDPTR

  -------         MODULE        ?C?SLDIV
  C:190CH         PUBLIC        ?C?SLDIV
  -------         ENDMOD        ?C?SLDIV

  -------         MODULE        ?C?SLSHR
  C:13B7H         PUBLIC        ?C?SLSHR
  -------         ENDMOD        ?C?SLSHR

  -------         MODULE        PRINTF
  D:003DH         PUBLIC        ?_PRINTF517?BYTE
BL51 BANKED LINKER/LOCATER V6.22.2.0                                                  01/18/2024  19:08:11  PAGE 15


  D:003DH         PUBLIC        ?_PRINTF?BYTE
  D:003DH         PUBLIC        ?_SPRINTF517?BYTE
  D:003DH         PUBLIC        ?_SPRINTF?BYTE
  C:10A4H         PUBLIC        _PRINTF
  C:10A4H         PUBLIC        _PRINTF517
  C:109EH         PUBLIC        _SPRINTF
  C:109EH         PUBLIC        _SPRINTF517
  -------         ENDMOD        PRINTF

  -------         MODULE        VSPRINTF
  D:0034H         PUBLIC        ?_VSPRINTF?BYTE
  C:19B8H         PUBLIC        _VSPRINTF
  -------         ENDMOD        VSPRINTF

  -------         MODULE        ?C?CLDOPTR
  C:13CBH         PUBLIC        ?C?CLDOPTR
  -------         ENDMOD        ?C?CLDOPTR

  -------         MODULE        ?C?CSTPTR
  C:13F8H         PUBLIC        ?C?CSTPTR
  -------         ENDMOD        ?C?CSTPTR

  -------         MODULE        ?C?ULDIV
  C:1446H         PUBLIC        ?C?ULDIV
  -------         ENDMOD        ?C?ULDIV

  -------         MODULE        ?C?PLDIIDATA
  C:14D8H         PUBLIC        ?C?PLDIIDATA
  -------         ENDMOD        ?C?PLDIIDATA

  -------         MODULE        ?C?CCASE
  C:14E8H         PUBLIC        ?C?CCASE
  -------         ENDMOD        ?C?CCASE

*** WARNING L16: UNCALLED SEGMENT, IGNORED FOR OVERLAY PROCESS
    SEGMENT: ?PR?_UART1_SENDSTRING?MAIN

Program Size: data=88.3 xdata=20 code=6791
LINK/LOCATE RUN COMPLETE.  1 WARNING(S),  0 ERROR(S)
